============================================================================================== 
Warning! Mixing Conda and module environments may lead to corruption of the
user environment. 
We do not recommend users mixing those two environments unless absolutely
necessary. Note that 
SURF does not provide any support for Conda environment.
For more information, please refer to our software policy page:
https://servicedesk.surf.nl/wiki/display/WIKI/Software+policy+Snellius#SoftwarepolicySnellius-UseofAnacondaandMinicondaenvironmentsonSnellius 

Remember that many packages have already been installed on the system and can
be loaded using 
the 'module load <package__name>' command. If you are uncertain if a package is
already available 
on the system, please use 'module avail' or 'module spider' to search for it.
============================================================================================== 
2026-04-07 23:35:48 - INFO - Running script_node_circuit_discovery_and_eval.py
2026-04-07 23:35:48 - INFO - Loading model pixtral-12b from /home/eboccaletti/models/pixtral_12b_2409
Traceback (most recent call last):
  File "/gpfs/home5/eboccaletti/reproducing_code/vlm-circuits-analysis/script_node_circuit_discovery_and_eval.py", line 230, in <module>
    main()
  File "/gpfs/home5/eboccaletti/reproducing_code/vlm-circuits-analysis/script_node_circuit_discovery_and_eval.py", line 181, in main
    model, processor = load_model(
                       ^^^^^^^^^^^
  File "/gpfs/home5/eboccaletti/reproducing_code/vlm-circuits-analysis/analysis_utils.py", line 139, in load_model
    inner_model = LlavaForConditionalGeneration.from_pretrained(
                  ^^^^^^^^^^^^^^^^^^^^^^^^^^^^^^^^^^^^^^^^^^^^^^
  File "/home/eboccaletti/.conda/envs/vlm_qwen_reproducing_env/lib/python3.11/site-packages/transformers/modeling_utils.py", line 272, in _wrapper
    return func(*args, **kwargs)
           ^^^^^^^^^^^^^^^^^^^^^
  File "/home/eboccaletti/.conda/envs/vlm_qwen_reproducing_env/lib/python3.11/site-packages/transformers/modeling_utils.py", line 4317, in from_pretrained
    checkpoint_files, sharded_metadata = _get_resolved_checkpoint_files(
                                         ^^^^^^^^^^^^^^^^^^^^^^^^^^^^^^^
  File "/home/eboccaletti/.conda/envs/vlm_qwen_reproducing_env/lib/python3.11/site-packages/transformers/modeling_utils.py", line 982, in _get_resolved_checkpoint_files
    raise EnvironmentError(
OSError: Error no file named pytorch_model.bin, model.safetensors, tf_model.h5, model.ckpt.index or flax_model.msgpack found in directory /home/eboccaletti/models/pixtral_12b_2409.
