=== Pixtral node circuit job ===
Host: gcn8.local.snellius.surf.nl
Start time: Tue Apr  7 23:35:32 CEST 2026
Working dir: /home/eboccaletti/reproducing_code/vlm-circuits-analysis
CUDA_VISIBLE_DEVICES=0
CONDA_PREFIX=/home/eboccaletti/.conda/envs/vlm_qwen_reproducing_env
Tue Apr  7 23:35:32 2026       
+-----------------------------------------------------------------------------------------+
| NVIDIA-SMI 590.48.01              Driver Version: 590.48.01      CUDA Version: 13.1     |
+-----------------------------------------+------------------------+----------------------+
| GPU  Name                 Persistence-M | Bus-Id          Disp.A | Volatile Uncorr. ECC |
| Fan  Temp   Perf          Pwr:Usage/Cap |           Memory-Usage | GPU-Util  Compute M. |
|                                         |                        |               MIG M. |
|=========================================+========================+======================|
|   0  NVIDIA A100-SXM4-40GB          On  |   00000000:CA:00.0 Off |                    0 |
| N/A   30C    P0             50W /  400W |       0MiB /  40960MiB |      0%      Default |
|                                         |                        |             Disabled |
+-----------------------------------------+------------------------+----------------------+

+-----------------------------------------------------------------------------------------+
| Processes:                                                                              |
|  GPU   GI   CI              PID   Type   Process name                        GPU Memory |
|        ID   ID                                                               Usage      |
|=========================================================================================|
|  No running processes found                                                             |
+-----------------------------------------------------------------------------------------+
pyarrow ok
datasets ok
The third_partyTransformerLens imported successfully on first try
System path: /gpfs/home5/eboccaletti/reproducing_code/vlm-circuits-analysis/third_party/TransformerLens
